[cassandra] starting stack ...
[cassandra] up in 61.5s: ['cassandra1', 'cassandra2', 'cassandra3']
[cassandra] phase: load
  schema created (15 items, 16.12s)
  customers       20,000 docs     5.73s      3,489 docs/s  [execute_concurrent 
(prepared, 256 in flight, CL=ONE)]
  categories         200 docs     0.04s      4,475 docs/s  [execute_concurrent 
(prepared, 256 in flight, CL=ONE)]
  products         5,000 docs     3.34s      1,496 docs/s  [execute_concurrent 
(prepared, 256 in flight, CL=ONE)]
  orders         200,000 docs    25.04s      7,986 docs/s  [execute_concurrent 
(prepared, 256 in flight, CL=ONE) x8 connections]
  order_items    487,606 docs    33.95s     14,363 docs/s  [execute_concurrent 
(prepared, 256 in flight, CL=ONE) x8 connections]
  events       1,000,000 docs    55.28s     18,089 docs/s  [execute_concurrent 
(prepared, 256 in flight, CL=ONE) x8 connections]
  inventory       20,000 docs     9.41s      2,124 docs/s  [execute_concurrent 
(prepared, 256 in flight, CL=ONE)]
saved 
/home/berkay-server/repos/boilers/raw-codes/databases/ns-databases/results/k3s/c
assandra/20260914-161908-ed067c.json
  fingerprint: counts={'customers': 20000, 'categories': 200, 'products': 5000, 
'inventory': 20000} customers 1-50=50 probe=100
  backup [nodetool flush + snapshot --ttl 3h on every node, export to /backups 
(sstableloader layout)] 14.62s artifact 378,469,700 B
  exported 378,469,700 B to 
/home/berkay-server/repos/boilers/raw-codes/databases/ns-databases/data/backups/
cassandra/nslab-dr-20260914-162207 in 2.45s
  stack destroyed (down -v) in 40.8s; bringing a fresh one up ...
  fresh stack up in 62.1s
  after destroy: {'customers': 'error: InvalidRequest: Error from server: 
code=2200 [Invalid query] message="No keyspac', 'repl_probe': 'error: 
InvalidRequest: Error from server: code=2200 [Invalid query] message="No 
keyspac'}
  imported artifact back into the fresh stack in 6.61s
  restore [TRUNCATE tables + nodetool import --copy-data of each node's own 
snapshot export (parallel per node)] 44.67s -> verified=True 
