[cassandra] starting stack ...
[cassandra] up in 61.6s: ['cassandra1', 'cassandra2', 'cassandra3']
[cassandra] phase: load
  schema created (15 items, 15.63s)
  customers       20,000 docs     5.91s      3,382 docs/s  [execute_concurrent 
(prepared, 256 in flight, CL=ONE)]
  categories         200 docs     0.06s      3,223 docs/s  [execute_concurrent 
(prepared, 256 in flight, CL=ONE)]
  products         5,000 docs     3.64s      1,374 docs/s  [execute_concurrent 
(prepared, 256 in flight, CL=ONE)]
  orders         200,000 docs    25.62s      7,806 docs/s  [execute_concurrent 
(prepared, 256 in flight, CL=ONE) x8 connections]
  order_items    487,606 docs    34.85s     13,993 docs/s  [execute_concurrent 
(prepared, 256 in flight, CL=ONE) x8 connections]
  events       1,000,000 docs    55.93s     17,879 docs/s  [execute_concurrent 
(prepared, 256 in flight, CL=ONE) x8 connections]
  inventory       20,000 docs     9.84s      2,032 docs/s  [execute_concurrent 
(prepared, 256 in flight, CL=ONE)]
[cassandra] phase: capabilities
  OK  secondary_index          SAI index on orders(status): 1000 rows fetched 
via the index (global index; Scylla: materialized-vie
  --  compound_index           no multi-column index; compound access paths are 
modelled as (partition key, clustering columns) of 
  OK  unique_constraint        INSERT ... IF NOT EXISTS (LWT) on the primary key
only; no unique constraint on other columns
  OK  ttl_expiry               USING TTL per write / default_time_to_live per 
table
  --  text_index               no analyzed text index (Cassandra 5 SAI has one; 
Scylla/YCQL do not)
  --  geo_index                no geospatial type / index
  OK  vector_index             vector<float, 8> column + SAI index + ORDER BY 
... ANN OF
  OK  partial_update           UPDATE SET column = ? (cell-level upsert)
  OK  atomic_increment         counter column: UPDATE ... SET qty = qty + 1 -> 
[(363,)]
  OK  optimistic_concurrency   lightweight transaction (Paxos / Raft): UPDATE 
... IF version = ? -> [(1, 2)]
  OK  multi_doc_transaction    conditional BATCH within one partition (atomic, 
isolated); LOGGED BATCH across partitions is atomic 
  OK  tunable_consistency      per-statement consistency level: 
ANY/ONE/QUORUM/LOCAL_QUORUM/EACH_QUORUM/ALL (+ SERIAL for LWT)
  --  nested_query             no nested documents: UDTs/collections are opaque 
to WHERE except CONTAINS; flatten or use SAI on UDT
  OK  array_operators          set/list/map collections with += / -= updates, 
CONTAINS (index or ALLOW FILTERING) -> 1
  --  aggregation              GROUP BY only on partition/clustering key prefix;
COUNT/SUM/AVG over one partition or with ALLOW FIL
  --  server_side_join         no joins: denormalise (one table per query) or 
join client-side / in Spark
  --  graph_traversal          client-side
  OK  schema_validation        typed columns enforced by the schema (no 
constraints beyond types/keys)
  OK  change_streams           CDC (Cassandra: commit-log segments read by an 
external agent; Scylla: CDC log table queryable with 
  --  server_side_scripting    UDFs: Error from server: code=2200 [Invalid 
query] message="User-defined functions are disabled in c
  --  pubsub                   no pub/sub (CDC log tables for change capture)
  OK  explain_plan             no EXPLAIN; request tracing: 21 events 
(coordinator: 10.42.0.121)
  OK  bulk_import              COPY FROM (cqlsh), sstableloader, DSBulk / 
concurrent prepared statements (driver)
  OK  large_document           15 MB text cell ok (max_mutation_size default 16 
MB = half commitlog_segment_size)
  --  many_fields              columns are schema-defined (5000 ALTER TABLE ADD 
is possible but pathological); use a map<text,text>
  OK  read_from_replica        leaderless: any replica serves reads (consistency
level ONE); driver load balancing spreads requests
  OK  snapshot_backup          nodetool snapshot (per-node hard links, --ttl 
expiry) + listsnapshots/clearsnapshot; online, instant
  OK  incremental_backup       incremental_backups / nodetool enablebackup: 
every flushed SSTable is hard-linked into <table>/backu
  OK  pitr                     commitlog archiving 
(commitlog_archiving.properties: archive_command + restore_point_in_time) — not 
  OK  slow_query_log           slow_query_log_timeout (500 ms default, 
cassandra.yaml) -> MonitoringTask aggregates slow reads into
  OK  audit_log                nodetool enableauditlog (BinAuditLogger -> 
logs/audit, auditlogviewer) / full query log (enablefullq
  --  structured_logs          logback text (system.log / debug.log / gc.log); 
JSON needs a logback JSON encoder on the classpath
  OK  runtime_log_level        nodetool setlogginglevel <logger> <level> 
(logback, per node, no restart)
[cassandra] phase: bench
  OK  ping                     p50=    1.723 ms  p95=    1.995 ms  rows=-
  OK  get_by_key               p50=    2.580 ms  p95=    3.114 ms  rows=1
  OK  multi_get                p50=   23.119 ms  p95=   28.628 ms  rows=100
  OK  insert_one               p50=    1.141 ms  p95=    1.527 ms  rows=-
  OK  update_field             p50=    1.476 ms  p95=    1.643 ms  rows=-
  OK  upsert                   p50=    1.717 ms  p95=    1.879 ms  rows=-
  OK  delete_one               p50=    1.330 ms  p95=    1.581 ms  rows=-
  OK  atomic_increment         p50=    4.874 ms  p95=    6.213 ms  rows=1
  OK  conditional_update       p50=    7.675 ms  p95=    8.583 ms  rows=1
  OK  batch_insert_1000        p50=  235.112 ms  p95=  290.697 ms  rows=-
  OK  range_by_secondary       p50=    1.552 ms  p95=    1.840 ms  rows=7
  OK  range_by_time            p50= 4348.089 ms  p95= 4362.634 ms  rows=100
  OK  filter_nested            p50=   89.213 ms  p95=  108.730 ms  rows=1
  OK  array_contains           p50=   83.594 ms  p95=   90.640 ms  rows=1
  OK  top_n_sorted             p50=    2.747 ms  p95=    3.144 ms  rows=10
  OK  pagination_offset        p50=   92.772 ms  p95=   94.093 ms  rows=50
  OK  pagination_keyset        p50=    3.456 ms  p95=    4.014 ms  rows=50
  OK  count_filtered           p50= 1082.235 ms  p95= 1152.139 ms  rows=1
  OK  aggregate_group          p50= 4814.584 ms  p95= 4952.076 ms  rows=13
  OK  aggregate_time_bucket    p50= 6575.174 ms  p95= 6764.531 ms  rows=24
  OK  join_lookup              p50=    4.097 ms  p95=    4.463 ms  rows=7
  OK  graph_traversal          p50=    7.269 ms  p95=   10.628 ms  rows=2
  OK  text_search              p50=  212.864 ms  p95=  249.690 ms  rows=20
  OK  geo_near                 p50=  661.055 ms  p95=  696.846 ms  rows=20
  OK  vector_knn               p50=    5.137 ms  p95=    6.461 ms  rows=10
  OK  transaction_transfer     p50=    7.799 ms  p95=    8.316 ms  rows=-
  OK  ttl_set                  p50=    1.751 ms  p95=    1.906 ms  rows=-
  OK  scan_full                p50=17754.747 ms  p95=17757.944 ms  rows=1
[cassandra] phase: optimize
  opt01_secondary_index
    no_index_allow_filtering             p50= 4814.793 ms rows=100
    sai_index_(event_type,occurred_at)   ERR ReadTimeout: Error from server: 
code=1200 [Coordinator node timed out waiting for replica 
    query_table_((event_type,month),occurred_at) p50=   12.298 ms rows=100
  opt02_projection
    full_document                        p50=    2.143 ms rows=1
    projection_3_fields                  p50=    2.266 ms rows=1
  opt03_pagination
    offset_depth_10000                   p50=   96.754 ms rows=50
    keyset_depth_10000                   p50=    2.947 ms rows=50
    offset_depth_100000                  p50=  675.750 ms rows=50
    keyset_depth_100000                  p50=    3.645 ms rows=50
  opt04_batching
    single_put_x2000                           578 docs/s 
    bulk_put_1000_x2                         4,026 docs/s 
  opt05_multi_get
    sequential_100_gets                  p50=  220.029 ms rows=100
    multi_get_100                        p50=   26.006 ms rows=100
  opt06_embedding_vs_reference
    embedded_items                       p50=    1.803 ms rows=1
    referenced_items                     p50=    4.354 ms rows=1
  opt07_write_durability
    ONE                                  p50=    1.258 ms
    LOCAL_QUORUM                         p50=    1.931 ms
    ALL                                  p50=    2.136 ms
  opt08_read_consistency
    ONE                                  p50=    1.647 ms rows=1
    LOCAL_QUORUM                         p50=    1.617 ms rows=1
    ALL                                  p50=    1.612 ms rows=1
  opt09_connection_reuse
    connect_per_operation                p50=   31.052 ms rows=1
    persistent_client                    p50=    1.184 ms rows=1
[cassandra] phase: connections
  max_connections=None
  connect latency via primary    p50=28.70 ms p95=37.16 ms errors=0
  storm via primary    n=  10 opened=  10 failed=  0 wall=   204.9 ms connect 
p95=181.6 ms codes={}
  storm via primary    n=  50 opened=  50 failed=  0 wall=  1382.8 ms connect 
p95=1346.3 ms codes={}
  storm via primary    n= 100 opened= 100 failed=  0 wall=  2997.1 ms connect 
p95=2966.2 ms codes={}
  storm via primary    n= 200 opened= 200 failed=  0 wall=  5687.4 ms connect 
p95=5638.5 ms codes={}
  storm via primary    n= 500 opened= 500 failed=  0 wall= 15319.0 ms connect 
p95=15249.1 ms codes={}
  workers=  1 via primary    ops/s=    426 p50=2.391 ms p99=3.096 ms errors=0 
  workers=  4 via primary    ops/s=   2452 p50=1.522 ms p99=2.669 ms errors=0 
  workers= 16 via primary    ops/s=  12336 p50=1.204 ms p99=2.492 ms errors=0 
  workers= 32 via primary    ops/s=  16762 p50=1.839 ms p99=3.202 ms errors=0 
  workers= 64 via primary    ops/s=  15310 p50=3.923 ms p99=8.738 ms errors=0 
  pool 8 clients / 32 threads: ops/s=1429 checkout wait p50=0.006 ms p99=0.019 
ms
  write contention: {'threads': 4, 'iters_per_thread': 50, 'applied': 134, 
'rejected': 66, 'errors': 0, 'version_before': 3, 'version_after': 137, 
'version_delta': 134, 'atomic': True, 'seconds': 0.7, 'first_error': None, 
'interpretation': 
[cassandra] phase: loadtest
  primary      workers=  4 docs/s=   13,200 batch p50=  249.8 ms p95=  366.0 ms 
errors=0 | busiest: 
  primary      workers= 16 docs/s=   28,267 batch p50=  429.5 ms p95=  831.1 ms 
errors=0 | busiest: 
  primary      workers= 32 docs/s=   23,667 batch p50=  969.8 ms p95= 5852.0 ms 
errors=0 | busiest: 
[cassandra] phase: backup
  fingerprint before backup: counts={'customers': 20000, 'categories': 200, 
'products': 5000, 'inventory': 20000} customers 1-50 present=50 probe=100
  backup [nodetool flush + snapshot --ttl 3h on every node, export to /backups 
(sstableloader layout)] 11.72s  artifact 509,693,574 B (106.6% of data)  
online=True  point-read p50 during 1.86 ms vs baseline 1.82 ms, 0 read errors
  mutated: probe=600 customers 1-50 present=0
  restore [TRUNCATE tables + nodetool import --copy-data of each node's own 
snapshot export (parallel per node)] 27.8s  downtime 0.0 ms  verified=True 
  incremental backup [nodetool enablebackup (incremental_backups) + flush: new 
SSTables hard-linked into <table>/backups/] 3.71s  new bytes 5274
[cassandra] phase: logging
  cassandra1         driver=kubelet (container-log-max-size/-files via k3d.yaml)
rotation={'max-size': '50Mi', 'max-file': '3'} logged so far 534,664 B / 3239 
lines  format=text
  cassandra2         driver=kubelet (container-log-max-size/-files via k3d.yaml)
rotation={'max-size': '50Mi', 'max-file': '3'} logged so far 536,377 B / 2959 
lines  format=text
  cassandra3         driver=kubelet (container-log-max-size/-files via k3d.yaml)
rotation={'max-size': '50Mi', 'max-file': '3'} logged so far 537,144 B / 2904 
lines  format=text
  server log: text at /opt/cassandra/logs/{system,debug,gc}.log + stdout
  slow-query log: slow_query_log_timeout=500ms from cassandra.yaml (settings 
vtable is read-only: InvalidRequest: Error from server: code=2200 [Invalid 
query]) -> debug.log via MonitoringTask (5 s report interval)
  slow op 'SELECT COUNT(*) FROM orders (200k-partition cluster-wide rea' took 
3609.1 ms -> logged=True (1342 ms in log); fast op 2.7 ms -> logged=False; 
entries read back: 1
  audit log: nodetool enableauditlog --included-keyspaces lab (BinAuditLogger ->
/opt/cassandra/logs/audit, Chronicle queue) -> 3 entries read back 
(verified=True)
  runtime log level: ok nodetool setlogginglevel 
org.apache.cassandra.db.Keyspace TRACE -> verified -> DEBUG (per node, no 
restart)
  log volume during this phase: cassandra1 2,734 B/14 lines, cassandra2 145 B/1 
lines, cassandra3 0 B/0 lines
[cassandra] phase: replication
  primary    role=node {'local': '10.42.0.121', 'peers': ['10.42.0.122', 
'10.42.0.123'], 'tokens': 16}
  node2      role=node {'local': '10.42.0.123', 'peers': ['10.42.0.122', 
'10.42.0.121'], 'tokens': 16}
  node3      role=node {'local': '10.42.0.122', 'peers': ['10.42.0.123', 
'10.42.0.121'], 'tokens': 16}
  visibility lag -> node2: p50=3.05 ms p95=4.35 ms max=7.49 ms timeouts=0
  visibility lag -> node3: p50=3.13 ms p95=3.52 ms max=20.57 ms timeouts=0
  write on node2: ACCEPTED
  write on node3: ACCEPTED
  lag under load: 20000 docs in 5.78s, catch-up after last write: {'node2': 
471.0, 'node3': 406.4}
  read scaling: primary only 15108 ops/s -> primary+replicas 10918 ops/s (x0.72)
errors=0
  killing primary container nslab-cassandra1 ...
  downtime until first successful write via node2: 833.1 ms (1 attempts)
saved 
/home/berkay-server/repos/boilers/raw-codes/databases/ns-databases/results/k3s/c
assandra/20260914-155905-8e022f.json
