[cassandra] starting stack ...
[cassandra] up in 71.3s: ['cassandra1', 'cassandra2', 'cassandra3']
[cassandra] phase: load
  schema created (15 items, 23.49s)
  customers       20,000 docs     5.89s      3,394 docs/s  [execute_concurrent 
(prepared, 256 in flight, CL=ONE)]
  categories         200 docs     0.05s      3,848 docs/s  [execute_concurrent 
(prepared, 256 in flight, CL=ONE)]
  products         5,000 docs     3.89s      1,285 docs/s  [execute_concurrent 
(prepared, 256 in flight, CL=ONE)]
  orders         200,000 docs    26.06s      7,673 docs/s  [execute_concurrent 
(prepared, 256 in flight, CL=ONE) x8 connections]
  order_items    487,606 docs    34.71s     14,048 docs/s  [execute_concurrent 
(prepared, 256 in flight, CL=ONE) x8 connections]
  events       1,000,000 docs    55.27s     18,092 docs/s  [execute_concurrent 
(prepared, 256 in flight, CL=ONE) x8 connections]
  inventory       20,000 docs     9.55s      2,094 docs/s  [execute_concurrent 
(prepared, 256 in flight, CL=ONE)]
saved 
/home/berkay-server/repos/boilers/raw-codes/databases/ns-databases/results/k3s/c
assandra/20260914-181643-663e7b.json
cronjob.batch/backup-cassandra created
NAME               SCHEDULE      TIMEZONE   SUSPEND   ACTIVE   LAST SCHEDULE   AGE
backup-cassandra   0 */6 * * *   <none>     False     0        <none>          0s
job.batch/backup-cassandra-manual-181952 created
job.batch/backup-cassandra-manual-181952 condition met
== backup cassandra 20260914-151954
Requested creating snapshot(s) for [lab] with snapshot name [cron-20260914-151954] and options {skipFlush=false, ttl=24h}
Snapshot directory: cron-20260914-151954
Requested creating snapshot(s) for [lab] with snapshot name [cron-20260914-151954] and options {skipFlush=false, ttl=24h}
Snapshot directory: cron-20260914-151954
Requested creating snapshot(s) for [lab] with snapshot name [cron-20260914-151954] and options {skipFlush=false, ttl=24h}
Snapshot directory: cron-20260914-151954
363M	/backups/cron/20260914-151954
== done
kept:
total 12
drwxr-xr-x 3 root root 4096 Sep 14 15:20 .
drwxrwxrwt 3 root root 4096 Sep 14 15:19 ..
drwxr-xr-x 5 root root 4096 Sep 14 15:20 20260914-151954
total 12
drwxr-xr-x 3 root root 4096 Sep 14 15:20 .
drwxrwxrwt 3 root root 4096 Sep 14 15:19 ..
drwxr-xr-x 5 root root 4096 Sep 14 15:20 20260914-151954
363M	/backups/cron
