up: {'seconds': 25.1, 'services': ['haproxy', 'primary', 'replica', 'sentinel1',
'sentinel2', 'sentinel3'], 'namespace': 'nslab-redis'}
[redis] phase: load
  schema created (2 items, 0.0s)
  customers       20,000 docs     1.38s     14,499 docs/s  [pipeline HSET 
(2000/batch) + index sets]
  categories         200 docs     0.01s     38,251 docs/s  [pipeline HSET 
(2000/batch) + index sets]
  products         5,000 docs     0.83s      6,016 docs/s  [pipeline HSET 
(2000/batch) + index sets]
  orders         200,000 docs     7.71s     25,930 docs/s  [pipeline HSET 
(2000/batch) + index sets x4 connections]
  order_items    487,606 docs     8.64s     56,436 docs/s  [pipeline HSET 
(2000/batch) + index sets x4 connections]
  events       1,000,000 docs    24.24s     41,255 docs/s  [pipeline HSET 
(2000/batch) + index sets x4 connections]
  inventory       20,000 docs     0.77s     26,057 docs/s  [pipeline HSET 
(2000/batch) + index sets]
saved 
/home/berkay-server/repos/boilers/raw-codes/databases/ns-databases/results/k3s/r
edis/20260914-175450-e3e19f.json
cronjob.batch/backup-redis created
NAME           SCHEDULE      TIMEZONE   SUSPEND   ACTIVE   LAST SCHEDULE   AGE
backup-redis   0 */6 * * *   <none>     False     0        <none>          0s
job.batch/backup-redis-manual-175535 created
job.batch/backup-redis-manual-175535 condition met
== backup redis 20260914-145536
sending REPLCONF capa eof
sending REPLCONF rdb-only 1
SYNC sent to master, writing bytes of bulk transfer until EOF marker to '/backups/cron/20260914-145536.rdb'
Transfer finished with success after 335767520 bytes
-rw-r--r-- 1 root root 335767520 Sep 14 14:55 /backups/cron/20260914-145536.rdb
== done
kept:
total 327912
drwxr-xr-x 2 root root      4096 Sep 14 14:55 .
drwxrwxrwt 3 root root      4096 Sep 14 14:55 ..
-rw-r--r-- 1 root root 335767520 Sep 14 14:55 20260914-145536.rdb
Defaulted container "haproxy" out of: haproxy, wait-replica (init)
ls: cannot access '/backups': No such file or directory
command terminated with exit code 2
