[elasticsearch] starting stack ...
[elasticsearch] up in 66.9s: ['es1', 'es2', 'es3']
[elasticsearch] phase: load
  schema created (7 items, 1.76s)
  customers       20,000 docs     4.46s      4,484 docs/s  [bulk_put]
  categories         200 docs     0.03s      6,600 docs/s  [bulk_put]
  products         5,000 docs     2.66s      1,880 docs/s  [bulk_put]
  orders         200,000 docs     8.16s     24,521 docs/s  [bulk_put x4 
connections]
  order_items    487,606 docs     7.91s     61,683 docs/s  [bulk_put x4 
connections]
  events       1,000,000 docs    32.82s     30,473 docs/s  [bulk_put x4 
connections]
  inventory       20,000 docs     1.86s     10,766 docs/s  [bulk_put]
saved 
/home/berkay-server/repos/boilers/raw-codes/databases/ns-databases/results/k3s/e
lasticsearch/20260914-170247-3d823e.json
  fingerprint: counts={'customers': 20000, 'categories': 200, 'products': 5000, 
'inventory': 20000} customers 1-50=50 probe=100
  backup [PUT _snapshot/nslab/<tag> (fs repository, compress)] 5.18s artifact 
166,646,624 B
  exported 166,662,462 B to 
/home/berkay-server/repos/boilers/raw-codes/databases/ns-databases/data/backups/
elasticsearch/nslab-dr-20260914-170353 in 2.95s
  stack destroyed (down -v) in 57.1s; bringing a fresh one up ...
  fresh stack up in 39.3s
  after destroy: {'customers': 'error: EngineError: POST /lab_customers/_refresh
-> 404: {"error":{"root_cause":[{"type', 'repl_probe': 'error: EngineError: POST
/lab_repl_probe/_refresh -> 404: {"error":{"root_cause":[{"typ'}
  imported artifact back into the fresh stack in 5.38s
  restore [DELETE the 0 lab_* indices (by name) + POST 
_snapshot/nslab/<tag>/_restore] 3.88s -> verified=True 
