[elasticsearch] starting stack ...
[elasticsearch] up in 63.2s: ['es1', 'es2', 'es3']
[elasticsearch] phase: load
  schema created (7 items, 1.99s)
  customers       20,000 docs     4.28s      4,673 docs/s  [bulk_put]
  categories         200 docs     0.03s      6,244 docs/s  [bulk_put]
  products         5,000 docs     2.95s      1,697 docs/s  [bulk_put]
  orders         200,000 docs     8.18s     24,452 docs/s  [bulk_put x4 
connections]
  order_items    487,606 docs     7.93s     61,502 docs/s  [bulk_put x4 
connections]
  events       1,000,000 docs    29.62s     33,762 docs/s  [bulk_put x4 
connections]
  inventory       20,000 docs     1.63s     12,298 docs/s  [bulk_put]
[elasticsearch] phase: replication
  primary    role=node {'status': 'green', 'nodes': 3, 'active_shards': 25, 
'relocating': 0, 'initializing': 0, 'unassigned': 0, 'master': 'es3
  node2      role=node {'status': 'green', 'nodes': 3, 'active_shards': 25, 
'relocating': 0, 'initializing': 0, 'unassigned': 0, 'master': 'es3
  node3      role=master {'status': 'green', 'nodes': 3, 'active_shards': 25, 
'relocating': 0, 'initializing': 0, 'unassigned': 0, 'master': 'es3
  visibility lag -> node2: p50=8.88 ms p95=27.29 ms max=35.04 ms timeouts=0
  visibility lag -> node3: p50=7.17 ms p95=15.17 ms max=17.56 ms timeouts=0
  write on node2: ACCEPTED
  write on node3: ACCEPTED
  lag under load: 20000 docs in 1.72s, catch-up after last write: {'node2': 
21.2, 'node3': 22.5}
  read scaling: primary only 5952 ops/s -> primary+replicas 7028 ops/s (x1.18) 
errors=0
  killing primary container nslab-es3 ...
  downtime until first successful write via node2: 1045.7 ms (1 attempts)
saved 
/home/berkay-server/repos/boilers/raw-codes/databases/ns-databases/results/k3s/e
lasticsearch/20260914-182724-91e5a1.json
[elasticsearch] tearing down ...
