[elasticsearch] starting stack ...
[elasticsearch] up in 68.8s: ['es1', 'es2', 'es3']
[elasticsearch] phase: load
  schema created (7 items, 2.26s)
  customers       20,000 docs     4.07s      4,912 docs/s  [bulk_put]
  categories         200 docs     0.04s      4,734 docs/s  [bulk_put]
  products         5,000 docs     2.76s      1,811 docs/s  [bulk_put]
  orders         200,000 docs     7.95s     25,165 docs/s  [bulk_put x4 
connections]
  order_items    487,606 docs     8.81s     55,377 docs/s  [bulk_put x4 
connections]
  events       1,000,000 docs    32.91s     30,383 docs/s  [bulk_put x4 
connections]
  inventory       20,000 docs     1.67s     11,941 docs/s  [bulk_put]
[elasticsearch] phase: capabilities
  OK  secondary_index          every field is indexed by default (inverted index
/ BKD tree / doc_values)
  OK  compound_index           bool query combines per-field indexes; no 
explicit composite index needed
  --  unique_constraint        no unique constraint; _id uniqueness only 
(op_type=create rejects a duplicate _id)
  --  ttl_expiry               per-document _ttl removed in 5.0; use an expiry 
timestamp + ILM rollover/delete or delete-by-query
  OK  text_index               analyzed text fields with BM25 (the core feature)
  OK  geo_index                geo_point / geo_shape (BKD tree) + geo_distance /
geo_bounding_box
  OK  vector_index             dense_vector with HNSW + kNN search
  OK  partial_update           _update with a partial doc or painless script 
(reindexes the document internally)
  OK  atomic_increment         _update painless script ctx._source.qty += 1 -> 
[(363,)]
  OK  optimistic_concurrency   if_seq_no + if_primary_term (or external version)
-> [(1, 2)]
  --  multi_doc_transaction    single-document atomicity only; no multi-document
transactions
  OK  tunable_consistency      wait_for_active_shards per write; 
refresh=true|wait_for|false for read-your-write visibility
  OK  nested_query             object/nested field types + nested query
  OK  array_operators          arrays are first-class (a field is multi-valued);
term query matches any element -> 1044 match 'eco'
  OK  aggregation              aggregations framework (terms, date_histogram, 
metrics, pipeline)
  --  server_side_join         no server-side joins across indices (denormalise,
parent/join field within one index, or terms-looku
  --  graph_traversal          no graph traversal (client-side, or X-Pack Graph 
explore API)
  OK  schema_validation        explicit mappings + dynamic:strict rejects 
unknown fields; field data types enforced at index time
  --  change_streams           no change feed; poll with a sorted 
timestamp/_seq_no or use Logstash/change-detection
  OK  server_side_scripting    Painless scripts (ingest pipelines, script 
queries, script fields, _update) -> 2
  --  pubsub                   no pub/sub
  OK  explain_plan             _validate/query?explain and Search Profile API 
(per-shard query/collector timings, took=12ms)
  OK  bulk_import              _bulk NDJSON API
  OK  large_document           5 MB _source stored (http.max_content_length 100 
MB; large text hurts search)
  --  many_fields              index.mapping.total_fields.limit default 1000; 
5000 distinct fields triggers mapping explosion (use 
  OK  read_from_replica        reads are served by any shard copy (primary or 
replica) automatically; ?preference= pins routing
  OK  snapshot_backup          snapshot API into an fs repository under 
path.repo (S3/GCS/Azure via repository plugins); SLM schedu
  OK  incremental_backup       repository stores each Lucene segment once: every
snapshot after the first only uploads new segments
  --  pitr                     no translog replay between snapshots — the RPO is
the SLM schedule
  OK  slow_query_log           per-index search/indexing slowlog thresholds 
(index.search.slowlog.threshold.query.warn ...), dynami
  --  audit_log                xpack.security.audit.enabled needs security 
enabled (off in this lab); JSON audit of auth/access eve
  OK  structured_logs          ECS JSON on stdout in the docker image (server, 
deprecation, slowlog datasets)
  OK  runtime_log_level        PUT _cluster/settings logger.<package>: DEBUG 
(transient/persistent), no restart
[elasticsearch] phase: bench
  OK  ping                     p50=    2.599 ms  p95=    2.879 ms  rows=-
  OK  get_by_key               p50=    4.330 ms  p95=    6.389 ms  rows=1
  OK  multi_get                p50=   28.778 ms  p95=   42.524 ms  rows=100
  OK  insert_one               p50=    7.416 ms  p95=    8.140 ms  rows=-
  OK  update_field             p50=    8.845 ms  p95=   16.257 ms  rows=-
  OK  upsert                   p50=    7.880 ms  p95=    9.483 ms  rows=-
  OK  delete_one               p50=    6.557 ms  p95=    7.453 ms  rows=-
  OK  atomic_increment         p50=   11.051 ms  p95=   13.074 ms  rows=1
  OK  conditional_update       p50=   14.979 ms  p95=   18.003 ms  rows=1
  OK  batch_insert_1000        p50=  104.651 ms  p95=  118.526 ms  rows=-
  OK  range_by_secondary       p50=    7.401 ms  p95=   13.163 ms  rows=7
  OK  range_by_time            p50=   24.582 ms  p95=   87.186 ms  rows=100
  OK  filter_nested            p50=    4.829 ms  p95=    5.522 ms  rows=1
  OK  array_contains           p50=    5.063 ms  p95=    5.340 ms  rows=1
  OK  top_n_sorted             p50=    8.781 ms  p95=   18.669 ms  rows=10
  OK  pagination_offset        p50=   61.268 ms  p95=   81.466 ms  rows=50
  OK  pagination_keyset        p50=   14.761 ms  p95=   16.071 ms  rows=50
  OK  count_filtered           p50=    4.507 ms  p95=    5.116 ms  rows=1
  OK  aggregate_group          p50=    6.778 ms  p95=   59.364 ms  rows=13
  OK  aggregate_time_bucket    p50=    6.682 ms  p95=    8.614 ms  rows=24
  OK  join_lookup              p50=   11.623 ms  p95=   17.270 ms  rows=7
  OK  graph_traversal          p50=   13.166 ms  p95=   17.924 ms  rows=2
  OK  text_search              p50=    8.182 ms  p95=   24.272 ms  rows=20
  OK  geo_near                 p50=   12.996 ms  p95=   32.869 ms  rows=20
  OK  vector_knn               p50=   11.217 ms  p95=   18.298 ms  rows=10
  --  transaction_transfer     unsupported (Unsupported: no multi-document 
transactions (single-document atomicity only))
  OK  ttl_set                  p50=    6.994 ms  p95=    7.860 ms  rows=-
  OK  scan_full                p50=    8.432 ms  p95=    8.923 ms  rows=1
[elasticsearch] phase: optimize
  opt01_secondary_index
    indexed_field (all fields indexed by default) n/a (all fields are indexed at
mapping time; opt01 (add a missing index) does not app)
  opt02_projection
    full_document                        p50=    3.635 ms rows=1
    projection_3_fields                  p50=    3.513 ms rows=1
  opt03_pagination
    offset_depth_10000                   p50=   57.077 ms rows=50
    keyset_depth_10000                   p50=   13.786 ms rows=50
    offset_depth_100000                  p50=  204.983 ms rows=50
    keyset_depth_100000                  p50=   14.379 ms rows=50
  opt04_batching
    single_put_x2000                           176 docs/s 
    bulk_put_1000_x2                         9,523 docs/s 
  opt05_multi_get
    sequential_100_gets                  p50=  328.381 ms rows=100
    multi_get_100                        p50=   17.762 ms rows=100
  opt06_embedding_vs_reference
    embedded_items                       p50=    2.882 ms rows=1
    referenced_items                     p50=    9.007 ms rows=1
  opt07_write_durability
    refresh_false                        p50=    5.928 ms
    refresh_true                         p50=   32.181 ms
    wait_for                             p50=30018.133 ms
  opt08_read_consistency
    default                              p50=    3.267 ms rows=1
  opt09_connection_reuse
    connect_per_operation                p50=    7.185 ms rows=1
    persistent_client                    p50=    3.155 ms rows=1
[elasticsearch] phase: connections
  max_connections=None
  connect latency via primary    p50=6.47 ms p95=7.13 ms errors=0
  workers=  1 via primary    ops/s=    308 p50=3.309 ms p99=4.350 ms errors=0 
  workers=  4 via primary    ops/s=   1488 p50=2.799 ms p99=3.891 ms errors=0 
  workers= 16 via primary    ops/s=   9372 p50=1.632 ms p99=3.353 ms errors=0 
  workers= 32 via primary    ops/s=  11565 p50=2.595 ms p99=5.286 ms errors=0 
  workers= 64 via primary    ops/s=  11716 p50=4.999 ms p99=14.185 ms errors=0 
  pool 8 clients / 32 threads: ops/s=554 checkout wait p50=0.006 ms p99=3749.674
ms
  write contention: {'threads': 4, 'iters_per_thread': 50, 'applied': 72, 
'rejected': 128, 'errors': 0, 'version_before': 3, 'version_after': 56, 
'version_delta': 53, 'atomic': False, 'seconds': 1.13, 'first_error': None, 
'interpretation': 
[elasticsearch] phase: loadtest
  primary      workers=  4 docs/s=   36,000 batch p50=  106.9 ms p95=  129.8 ms 
errors=0 | busiest: 
  primary      workers= 16 docs/s=  120,200 batch p50=  101.7 ms p95=  247.2 ms 
errors=0 | busiest: 
  primary      workers= 32 docs/s=  111,800 batch p50=  206.9 ms p95=  624.9 ms 
errors=0 | busiest: 
[elasticsearch] phase: backup
  fingerprint before backup: counts={'customers': 20000, 'categories': 200, 
'products': 5000, 'inventory': 20000} customers 1-50 present=50 probe=100
  backup [PUT _snapshot/nslab/<tag> (fs repository, compress)] 7.74s  artifact 
310,310,687 B (54.3% of data)  online=True  point-read p50 during 2.97 ms vs 
baseline 2.95 ms, 0 read errors
  mutated: probe=600 customers 1-50 present=0
  restore [DELETE the 8 lab_* indices (by name) + POST 
_snapshot/nslab/<tag>/_restore] 10.39s  downtime 0.0 ms  verified=True 
  incremental backup [second snapshot into the same repository (only new 
segments are copied)] 0.48s  new bytes 10017
[elasticsearch] phase: logging
  es1                driver=kubelet (container-log-max-size/-files via k3d.yaml)
rotation={'max-size': '50Mi', 'max-file': '3'} logged so far 224,901 B / 457 
lines  format=json
  es2                driver=kubelet (container-log-max-size/-files via k3d.yaml)
rotation={'max-size': '50Mi', 'max-file': '3'} logged so far 75,191 B / 191 
lines  format=json
  es3                driver=kubelet (container-log-max-size/-files via k3d.yaml)
rotation={'max-size': '50Mi', 'max-file': '3'} logged so far 76,361 B / 194 
lines  format=json
  server log: json (ECS) at stdout (docker logs); logs/ dir when running from 
the tarball
  slow-query log: PUT lab_*/_settings 
index.search.slowlog.threshold.query.warn=100ms (+fetch, indexing) — dynamic, 
per index
  slow op 'script_score over lab_events (painless scoring of 1M docs)' took 
667.0 ms -> logged=True (562.0 ms in log); fast op 3.7 ms -> logged=False; 
entries read back: 1
  audit log: unsupported xpack.security.audit.enabled needs xpack.security 
enabled (off in this lab): JSON audit events for 
authentication/authorization/run_as
  runtime log level: ok PUT _cluster/settings transient 
logger.org.elasticsearch.snapshots=DEBUG -> verified -> reset (no restart)
  log volume during this phase: es1 0 B/0 lines, es2 0 B/0 lines, es3 1,109 B/1 
lines
[elasticsearch] phase: replication
  primary    role=master {'status': 'yellow', 'nodes': 3, 'active_shards': 23, 
'relocating': 0, 'initializing': 2, 'unassigned': 0, 'master': 'es
  node2      role=node {'status': 'yellow', 'nodes': 3, 'active_shards': 23, 
'relocating': 0, 'initializing': 2, 'unassigned': 0, 'master': 'es
  node3      role=node {'status': 'yellow', 'nodes': 3, 'active_shards': 23, 
'relocating': 0, 'initializing': 2, 'unassigned': 0, 'master': 'es
  visibility lag -> node2: p50=5.88 ms p95=6.51 ms max=17.95 ms timeouts=0
  visibility lag -> node3: p50=5.34 ms p95=6.41 ms max=10.50 ms timeouts=0
  write on node2: ACCEPTED
  write on node3: ACCEPTED
  lag under load: 20000 docs in 1.35s, catch-up after last write: {'node2': 
13.5, 'node3': 11.4}
  read scaling: primary only 10482 ops/s -> primary+replicas 8025 ops/s (x0.77) 
errors=0
  killing primary container nslab-es1 ...
  downtime until first successful write via node2: 1161.1 ms (1 attempts)
saved 
/home/berkay-server/repos/boilers/raw-codes/databases/ns-databases/results/k3s/e
lasticsearch/20260914-150958-cefd0b.json
