[mongodb] starting stack ...
[mongodb] up in 49.6s: ['mongo1', 'mongo2', 'mongo3', 'init']
[mongodb] phase: load
  schema created (17 items, 0.42s)
  customers       20,000 docs     1.26s     15,871 docs/s  [insert_many(5000, 
ordered=False, w=1)]
  categories         200 docs     0.00s     42,603 docs/s  [insert_many(5000, 
ordered=False, w=1)]
  products         5,000 docs     0.89s      5,643 docs/s  [insert_many(5000, 
ordered=False, w=1)]
  orders         200,000 docs     5.51s     36,299 docs/s  [insert_many(5000, 
ordered=False, w=1) x4 connections]
  order_items    487,606 docs     5.48s     89,013 docs/s  [insert_many(5000, 
ordered=False, w=1) x4 connections]
  events       1,000,000 docs    22.48s     44,494 docs/s  [insert_many(5000, 
ordered=False, w=1) x4 connections]
  inventory       20,000 docs     0.65s     30,791 docs/s  [insert_many(5000, 
ordered=False, w=1)]
saved 
/home/berkay-server/repos/boilers/raw-codes/databases/ns-databases/results/k3s/m
ongodb/20260914-165729-f24b34.json
  fingerprint: counts={'customers': 20000, 'categories': 200, 'products': 5000, 
'inventory': 20000} customers 1-50=50 probe=100
  backup [mongodump --oplog --gzip --archive] 12.8s artifact 50,812,770 B
  exported 50,812,770 B to 
/home/berkay-server/repos/boilers/raw-codes/databases/ns-databases/data/backups/
mongodb/nslab-dr-20260914-165807 in 0.75s
  stack destroyed (down -v) in 42.4s; bringing a fresh one up ...
  fresh stack up in 31.1s
  after destroy: {'customers': 0, 'repl_probe': 0}
  imported artifact back into the fresh stack in 2.37s
  restore [dropDatabase + mongorestore --oplogReplay --drop] 68.84s -> 
verified=True 
