[mongodb] starting stack ...
[mongodb] up in 42.7s: ['mongo1', 'mongo2', 'mongo3', 'init']
[mongodb] phase: load
  schema created (17 items, 0.34s)
  customers       20,000 docs     1.11s     17,953 docs/s  [insert_many(5000, 
ordered=False, w=1)]
  categories         200 docs     0.00s     48,292 docs/s  [insert_many(5000, 
ordered=False, w=1)]
  products         5,000 docs     0.83s      6,060 docs/s  [insert_many(5000, 
ordered=False, w=1)]
  orders         200,000 docs     5.68s     35,213 docs/s  [insert_many(5000, 
ordered=False, w=1) x4 connections]
  order_items    487,606 docs     5.27s     92,494 docs/s  [insert_many(5000, 
ordered=False, w=1) x4 connections]
  events       1,000,000 docs    21.62s     46,247 docs/s  [insert_many(5000, 
ordered=False, w=1) x4 connections]
  inventory       20,000 docs     0.60s     33,145 docs/s  [insert_many(5000, 
ordered=False, w=1)]
[mongodb] phase: capabilities
  OK  secondary_index          createIndex on any field
  OK  compound_index           compound index (ESR rule: equality, sort, range)
  OK  unique_constraint        duplicate rejected (E11000): E11000 duplicate key
error collection: lab.scratch index: u_
  OK  ttl_expiry               TTL index (expireAfterSeconds; background sweep 
every 60 s)
  OK  text_index               text index + $text (community); Atlas Search for 
BM25/analyzers
  OK  geo_index                2dsphere index + $nearSphere / $geoWithin
  --  vector_index             $vectorSearch: $vectorSearch stage is only 
allowed on MongoDB Atlas, full error: {'ok': 0.0, 'errmsg
  OK  partial_update           $set / $unset / $inc operators
  OK  atomic_increment         $inc via findOneAndUpdate -> [(363,)]
  OK  optimistic_concurrency   filter on version + $inc version -> [(1, 2)]
  OK  multi_doc_transaction    multi-document ACID transactions with abort 
(replica set / sharded)
  OK  tunable_consistency      writeConcern (w, j, wtimeout), readConcern 
(local/majority/linearizable), readPreference
  OK  nested_query             dot notation on embedded documents
  OK  array_operators          $push/$addToSet/$pull, $elemMatch, array equality
match -> 1
  OK  aggregation              aggregation pipeline
  OK  server_side_join         $lookup (+ $graphLookup)
  OK  graph_traversal          $graphLookup
  OK  schema_validation        $jsonSchema validator rejects non-conforming 
documents
  OK  change_streams           change streams (oplog-backed) -> insert
  --  server_side_scripting    no server-side JS since 4.2 (no such command: 
'eval', full error: {'ok': 0.0, '); $function/$accumul
  --  pubsub                   no pub/sub; change streams or capped tailable 
cursors
  OK  explain_plan             explain(executionStats) -> FETCH
  OK  bulk_import              insertMany / bulkWrite / mongoimport
  OK  large_document           15 MB document ok (BSON limit 16 MB; GridFS 
beyond)
  OK  many_fields              5001 fields
  OK  read_from_replica        
readPreference=secondary/secondaryPreferred/nearest (+ readConcern)
  OK  snapshot_backup          fsyncLock + filesystem snapshot; mongodump 
--oplog / mongorestore --oplogReplay (exercised in the ba
  --  incremental_backup       mongodump is always full; Percona PBM / Ops 
Manager / Atlas do physical + incremental
  OK  pitr                     oplog: mongodump --oplog captures it, PBM tails 
it continuously (replSetResizeOplog sets the window)
  OK  slow_query_log           profiler level 1 slowms=100 -> system.profile + 
JSON log 'Slow query' (getLog global)
  --  audit_log                auditLog is MongoDB Enterprise / Percona Server 
for MongoDB; Community has the JSON log + profiler o
  OK  structured_logs          JSON log lines since 4.4 ({t, s, c, id, ctx, msg,
attr}); getLog returns the in-memory ring
  OK  runtime_log_level        setParameter logLevel / logComponentVerbosity 
(current logLevel 0); db.setProfilingLevel per databas
[mongodb] phase: bench
  OK  ping                     p50=    0.582 ms  p95=    0.745 ms  rows=-
  OK  get_by_key               p50=    1.080 ms  p95=    1.290 ms  rows=1
  OK  multi_get                p50=    2.657 ms  p95=    3.080 ms  rows=100
  OK  insert_one               p50=    3.995 ms  p95=    4.221 ms  rows=-
  OK  update_field             p50=    4.569 ms  p95=    4.744 ms  rows=-
  OK  upsert                   p50=    4.543 ms  p95=    4.889 ms  rows=-
  OK  delete_one               p50=    2.630 ms  p95=    4.440 ms  rows=-
  OK  atomic_increment         p50=    3.808 ms  p95=    4.337 ms  rows=1
  OK  conditional_update       p50=    4.150 ms  p95=    5.372 ms  rows=1
  OK  batch_insert_1000        p50=   25.796 ms  p95=   38.765 ms  rows=-
  OK  range_by_secondary       p50=    0.796 ms  p95=    0.948 ms  rows=7
  OK  range_by_time            p50=  667.775 ms  p95=  677.397 ms  rows=100
  OK  filter_nested            p50=    0.910 ms  p95=    1.027 ms  rows=1
  OK  array_contains           p50=    2.504 ms  p95=    2.694 ms  rows=1
  OK  top_n_sorted             p50=    0.848 ms  p95=    0.924 ms  rows=10
  OK  pagination_offset        p50=    7.960 ms  p95=    9.563 ms  rows=50
  OK  pagination_keyset        p50=    1.315 ms  p95=    1.358 ms  rows=50
  OK  count_filtered           p50=    9.164 ms  p95=   11.251 ms  rows=1
  OK  aggregate_group          p50=  281.665 ms  p95=  287.281 ms  rows=13
  OK  aggregate_time_bucket    p50=  697.177 ms  p95=  713.359 ms  rows=24
  OK  join_lookup              p50=    1.817 ms  p95=    2.370 ms  rows=7
  OK  graph_traversal          p50=    1.313 ms  p95=    1.512 ms  rows=2
  OK  text_search              p50=   11.200 ms  p95=   11.698 ms  rows=20
  OK  geo_near                 p50=    1.641 ms  p95=    2.229 ms  rows=20
  --  vector_knn               unsupported (Unsupported: $vectorSearch: 
$vectorSearch stage is only allowed on MongoDB Atlas, full err)
  OK  transaction_transfer     p50=    4.719 ms  p95=    6.266 ms  rows=-
  OK  ttl_set                  p50=    1.990 ms  p95=    2.403 ms  rows=-
  OK  scan_full                p50=  578.632 ms  p95=  584.690 ms  rows=1
[mongodb] phase: optimize
  opt01_secondary_index
    no_index                             p50=  633.255 ms rows=100
    index_(event_type,occurred_at)       p50=    5.494 ms rows=100
    index_(occurred_at,event_type)       p50=   16.289 ms rows=100
  opt02_projection
    full_document                        p50=    1.206 ms rows=1
    projection_3_fields                  p50=    1.330 ms rows=1
  opt03_pagination
    offset_depth_10000                   p50=   12.484 ms rows=50
    keyset_depth_10000                   p50=    1.861 ms rows=50
    offset_depth_100000                  p50=   68.335 ms rows=50
    keyset_depth_100000                  p50=    1.777 ms rows=50
  opt04_batching
    single_put_x2000                           297 docs/s 
    bulk_put_1000_x2                        34,571 docs/s 
  opt05_multi_get
    sequential_100_gets                  p50=   77.513 ms rows=100
    multi_get_100                        p50=    1.435 ms rows=100
  opt06_embedding_vs_reference
    embedded_items                       p50=    0.618 ms rows=1
    referenced_items                     p50=    2.349 ms rows=1
  opt07_write_durability
    w0_unacknowledged                    p50=    0.179 ms
    w1                                   p50=    0.705 ms
    w1_journal                           p50=    1.057 ms
    w_majority                           p50=    3.747 ms
    w_majority_journal                   p50=    3.369 ms
  opt08_read_consistency
    primary                              p50=    0.544 ms rows=1
    local                                p50=    0.489 ms rows=1
    majority                             p50=    0.521 ms rows=1
    secondaryPreferred@replica           p50=    0.454 ms rows=1
    linearizable                         p50=    3.392 ms rows=1
  opt09_connection_reuse
    connect_per_operation                p50=    4.356 ms rows=1
    persistent_client                    p50=    0.502 ms rows=1
[mongodb] phase: connections
  max_connections=409
  connect latency via primary    p50=4.13 ms p95=10.37 ms errors=0
  storm via primary    n=  10 opened=  10 failed=  0 wall=    50.1 ms connect 
p95=39.5 ms codes={}
  storm via primary    n=  50 opened=  50 failed=  0 wall=   157.5 ms connect 
p95=149.9 ms codes={}
  storm via primary    n= 100 opened= 100 failed=  0 wall=   385.0 ms connect 
p95=320.1 ms codes={}
  storm via primary    n= 200 opened= 110 failed= 90 wall= 31124.4 ms connect 
p95=631.1 ms codes={'AutoReconnect: 127.0.0.1:31019: connection closed 
(configure': 73, 'ServerSelectionTimeoutError: 127.0.0.1:31019: [Errno 104] Co':
12, 'ServerSelectionTimeoutError: 127.0.0.1:31019: connection clo': 5}
  storm via primary    n= 419 opened= 103 failed=316 wall= 31576.4 ms connect 
p95=1032.0 ms codes={'ServerSelectionTimeoutError: 127.0.0.1:31019: connection 
clo': 217, 'AutoReconnect: 127.0.0.1:31019: connection closed (configure': 91, 
'ServerSelectionTimeoutError: 127.0.0.1:31019: [Errno 104] Co': 8}
  workers=  1 via primary    ops/s=    898 p50=1.185 ms p99=1.562 ms errors=0 
  workers=  4 via primary    ops/s=   4252 p50=0.903 ms p99=1.525 ms errors=0 
  workers= 16 via primary    ops/s=  21419 p50=0.681 ms p99=1.408 ms errors=0 
  workers= 32 via primary    ops/s=  23781 p50=1.176 ms p99=2.787 ms errors=0 
  workers= 64 via primary    ops/s=  24361 p50=2.052 ms p99=7.039 ms errors=0 
  pool 8 clients / 32 threads: ops/s=1321 checkout wait p50=0.005 ms p99=0.017 
ms
  write contention: {'threads': 4, 'iters_per_thread': 50, 'applied': 89, 
'rejected': 111, 'errors': 0, 'version_before': 3, 'version_after': 92, 
'version_delta': 89, 'atomic': True, 'seconds': 0.24, 'first_error': None, 
'interpretation': '
[mongodb] phase: loadtest
  primary      workers=  4 docs/s=  103,400 batch p50=   32.1 ms p95=   60.8 ms 
errors=0 | busiest: 
  primary      workers= 16 docs/s=  117,467 batch p50=  113.5 ms p95=  207.9 ms 
errors=0 | busiest: 
  primary      workers= 32 docs/s=  138,267 batch p50=  206.2 ms p95=  461.5 ms 
errors=0 | busiest: 
[mongodb] phase: backup
  fingerprint before backup: counts={'customers': 20000, 'categories': 200, 
'products': 5000, 'inventory': 20000} customers 1-50 present=50 probe=100
  backup [mongodump --oplog --gzip --archive] 15.86s  artifact 50,813,539 B 
(4.7% of data)  online=True  point-read p50 during 1.23 ms vs baseline 1.24 ms, 
0 read errors
  mutated: probe=600 customers 1-50 present=0
  restore [dropDatabase + mongorestore --oplogReplay --drop] 76.0s  downtime 0.0
ms  verified=True 
[mongodb] phase: logging
  mongo1             driver=kubelet (container-log-max-size/-files via k3d.yaml)
rotation={'max-size': '50Mi', 'max-file': '3'} logged so far 24,929,925 B / 
27490 lines  format=json
  mongo2             driver=kubelet (container-log-max-size/-files via k3d.yaml)
rotation={'max-size': '50Mi', 'max-file': '3'} logged so far 1,802,598 B / 4589 
lines  format=json
  mongo3             driver=kubelet (container-log-max-size/-files via k3d.yaml)
rotation={'max-size': '50Mi', 'max-file': '3'} logged so far 1,744,717 B / 4554 
lines  format=json
  server log: json at stdout (docker logs) — systemLog.path when set; getLog: 
global = last 1024 lines in memory
  slow-query log: db.setProfilingLevel(1, {slowms: 100, sampleRate: 1.0}) on 
'lab' (system.profile capped 1 MB + 'Slow query' JSON log lines)
  slow op 'aggregate events [$group by event_type] (1M-doc collection s' took 
1298.4 ms -> logged=True (1297 ms in log); fast op 1.3 ms -> logged=False; 
entries read back: 11
  audit log: unsupported auditLog is MongoDB Enterprise / Percona Server for 
MongoDB (auditLog.destination file|syslog|console + filter); Community has the 
profiler + JSON log
  runtime log level: ok setParameter logComponentVerbosity.command -1 -> 1 -> -1
(no restart; every command logged at 1)
  log volume during this phase: mongo1 28,538 B/68 lines, mongo2 8,422 B/23 
lines, mongo3 16,852 B/46 lines
[mongodb] phase: replication
  primary    role=primary {'set': 'rs0', 'my_state': 1, 'members': [{'name': 
'mongo1:27017', 'state': 'PRIMARY', 'optime': '2026-09-14 12:06:44', 
  replica    role=replica {'set': 'rs0', 'my_state': 2, 'members': [{'name': 
'mongo1:27017', 'state': 'PRIMARY', 'optime': '2026-09-14 12:06:44', 
  replica2   role=replica {'set': 'rs0', 'my_state': 2, 'members': [{'name': 
'mongo1:27017', 'state': 'PRIMARY', 'optime': '2026-09-14 12:06:44', 
  visibility lag -> replica: p50=1.38 ms p95=1.61 ms max=1.62 ms timeouts=0
  visibility lag -> replica2: p50=1.33 ms p95=1.51 ms max=1.61 ms timeouts=0
  write on replica: rejected NotPrimaryError: not primary, full error: 
{'topologyVersion'
  write on replica2: rejected NotPrimaryError: not primary, full error: 
{'topologyVersion'
  lag under load: 20000 docs in 0.6s, catch-up after last write: {'replica': 
23.9, 'replica2': 25.7}
  read scaling: primary only 25486 ops/s -> primary+replicas 25295 ops/s (x0.99)
errors=0
  killing primary container nslab-mongo1 ...
  downtime until first successful write via replica: 685.2 ms (1 attempts)
saved 
/home/berkay-server/repos/boilers/raw-codes/databases/ns-databases/results/k3s/m
ongodb/20260914-145936-fe0e41.json
