[redis] starting stack ...
[redis] up in 19.1s: ['haproxy', 'primary', 'replica', 'sentinel1', 'sentinel2',
'sentinel3']
[redis] phase: load
  schema created (2 items, 0.01s)
  customers       20,000 docs     1.52s     13,143 docs/s  [pipeline HSET 
(2000/batch) + index sets]
  categories         200 docs     0.01s     28,419 docs/s  [pipeline HSET 
(2000/batch) + index sets]
  products         5,000 docs     0.87s      5,732 docs/s  [pipeline HSET 
(2000/batch) + index sets]
  orders         200,000 docs     7.06s     28,315 docs/s  [pipeline HSET 
(2000/batch) + index sets x4 connections]
  order_items    487,606 docs     8.49s     57,452 docs/s  [pipeline HSET 
(2000/batch) + index sets x4 connections]
  events       1,000,000 docs    23.81s     41,993 docs/s  [pipeline HSET 
(2000/batch) + index sets x4 connections]
  inventory       20,000 docs     0.68s     29,417 docs/s  [pipeline HSET 
(2000/batch) + index sets]
[redis] phase: replication
  primary    role=primary {'role': 'master', 'connected_slaves': 1, 
'master_repl_offset': 616953408, 'replicas': [{'ip': '10.42.0.85', 'port': 637
  replica    role=replica {'role': 'slave', 'master_host': 'primary', 
'master_link_status': 'up', 'master_last_io_seconds_ago': 0, 'slave_repl_off
  haproxy-ro role=primary {'role': 'master', 'connected_slaves': 1, 
'master_repl_offset': 616953408, 'replicas': [{'ip': '10.42.0.85', 'port': 637
  visibility lag -> replica: p50=0.79 ms p95=0.94 ms max=2.43 ms timeouts=0
  write on replica: rejected READONLY
  lag under load: 20000 docs in 0.46s, catch-up after last write: {'replica': 
7.5}
  read scaling: primary only 64101 ops/s -> primary+replicas 64972 ops/s (x1.01)
errors=0
  killing primary container nslab-redis-primary ...
  downtime until first successful write via replica: 3181.1 ms (12 attempts)
saved 
/home/berkay-server/repos/boilers/raw-codes/databases/ns-databases/results/k3s/r
edis/20260914-182120-b5effb.json
[redis] tearing down ...
