[redis] starting stack ...
[redis] up in 14.7s: ['haproxy', 'primary', 'replica', 'sentinel1', 'sentinel2',
'sentinel3']
[redis] phase: load
  schema created (2 items, 0.01s)
  customers       20,000 docs     1.67s     11,980 docs/s  [pipeline HSET 
(2000/batch) + index sets]
  categories         200 docs     0.01s     25,963 docs/s  [pipeline HSET 
(2000/batch) + index sets]
  products         5,000 docs     0.87s      5,757 docs/s  [pipeline HSET 
(2000/batch) + index sets]
  orders         200,000 docs     7.12s     28,108 docs/s  [pipeline HSET 
(2000/batch) + index sets x4 connections]
  order_items    487,606 docs     8.39s     58,111 docs/s  [pipeline HSET 
(2000/batch) + index sets x4 connections]
  events       1,000,000 docs    23.38s     42,774 docs/s  [pipeline HSET 
(2000/batch) + index sets x4 connections]
  inventory       20,000 docs     0.63s     31,833 docs/s  [pipeline HSET 
(2000/batch) + index sets]
saved 
/home/berkay-server/repos/boilers/raw-codes/databases/ns-databases/results/k3s/r
edis/20260914-165213-3d9889.json
  fingerprint: counts={'customers': 20000, 'categories': 200, 'products': 5000, 
'inventory': 20000} customers 1-50=50 probe=100
  backup [BGSAVE + copy dump.rdb] 5.85s artifact 335,772,658 B
  exported 335,772,658 B to 
/home/berkay-server/repos/boilers/raw-codes/databases/ns-databases/data/backups/
redis/nslab-dr-20260914-165255 in 2.1s
  stack destroyed (down -v) in 55.3s; bringing a fresh one up ...
  fresh stack up in 22.5s
  after destroy: {'customers': 0, 'repl_probe': 0}
  imported artifact back into the fresh stack in 6.63s
  restore [stop; RDB -> appendonlydir base + manifest; start; replicas 
full-resync] 57.31s -> verified=True 
