[redis] starting stack ...
[redis] up in 28.6s: ['haproxy', 'primary', 'replica', 'sentinel1', 'sentinel2',
'sentinel3']
[redis] phase: load
  schema created (2 items, 0.0s)
  customers       20,000 docs     1.53s     13,086 docs/s  [pipeline HSET 
(2000/batch) + index sets]
  categories         200 docs     0.01s     27,071 docs/s  [pipeline HSET 
(2000/batch) + index sets]
  products         5,000 docs     0.86s      5,840 docs/s  [pipeline HSET 
(2000/batch) + index sets]
  orders         200,000 docs     8.66s     23,094 docs/s  [pipeline HSET 
(2000/batch) + index sets x4 connections]
  order_items    487,606 docs     9.20s     53,025 docs/s  [pipeline HSET 
(2000/batch) + index sets x4 connections]
  events       1,000,000 docs    24.64s     40,586 docs/s  [pipeline HSET 
(2000/batch) + index sets x4 connections]
  inventory       20,000 docs     0.88s     22,705 docs/s  [pipeline HSET 
(2000/batch) + index sets]
[redis] phase: capabilities
  --  secondary_index          no server-side secondary indexes; 
application-maintained sets/zsets (or RediSearch FT.CREATE)
  --  compound_index           application-maintained composite keys / zset 
scores
  --  unique_constraint        keys are unique by definition; no constraint on 
hash fields (SETNX/HSETNX for keys)
  OK  ttl_expiry               SET EX / EXPIRE; hash-field TTL (HEXPIRE) in 
Redis 7.4+/Valkey 9
  OK  text_index               FT.CREATE ... TEXT + FT.SEARCH
  OK  geo_index                GEOADD + GEOSEARCH (geohash in a sorted set)
  OK  vector_index             FT.CREATE ... VECTOR HNSW + FT.SEARCH KNN
  OK  partial_update           HSET one field of a hash
  OK  atomic_increment         HINCRBY -> 1
  OK  optimistic_concurrency   Lua compare-and-set (EVAL) or WATCH/MULTI/EXEC; 
Valkey 9: SET IFEQ
  OK  multi_doc_transaction    MULTI/EXEC: atomic + isolated batch, but no 
rollback after a failed command (not ACID in the SQL sen
  OK  tunable_consistency      WAIT numreplicas timeout -> 0 replicas acked 
(async replication; WAIT gives per-write synchronous ac
  --  nested_query             flattened hash fields; filtering is client-side 
(or RediSearch)
  OK  array_operators          native list/set types (RPUSH/LPOS/SISMEMBER) 
rather than arrays inside documents; LPOS -> 1
  --  aggregation              no GROUP BY; client-side, Lua, or FT.AGGREGATE 
with RediSearch
  --  server_side_join         no joins; client-side or Lua
  --  graph_traversal          client-side loop over parent pointers
  --  schema_validation        schemaless
  OK  change_streams           keyspace notifications (notify-keyspace-events) 
over Pub/Sub
  OK  server_side_scripting    Lua EVAL -> luax; functions (FUNCTION LOAD) in 
Redis 7+
  OK  pubsub                   PUBLISH/SUBSCRIBE (fire-and-forget) + Streams 
(XADD/XREADGROUP) for durable queues
  OK  explain_plan             FT.EXPLAIN for search queries; plain commands 
have documented O() complexity, no planner
  OK  bulk_import              pipelining / redis-cli --pipe (RESP protocol 
file)
  OK  large_document           15 MB string round-trip ok (limit: 
proto-max-bulk-len 512 MB)
  OK  many_fields              hash with 5000 fields
  OK  read_from_replica        connect to the replica directly 
(replica-read-only yes); Sentinel clients expose slave_for()
  OK  snapshot_backup          BGSAVE (RDB snapshot) / AOF; Dragonfly: SAVE DF
  --  incremental_backup       RDB is always a full snapshot; AOF (everysec) is 
the continuous log between snapshots
  --  pitr                     AOF replays to the last fsync only — no 
timestamp-based replay; copy RDBs at the RPO you need
  OK  slow_query_log           SLOWLOG (in-memory ring, 
slowlog-log-slower-than=10000 µs) + LATENCY MONITOR
  OK  audit_log                ACL LOG (denied AUTH / NOPERM attempts, in 
memory); no persistent statement audit in OSS (MONITOR is
  --  structured_logs          plain-text server log (pid:role date level 
message); wrap with the docker log driver / a shipper
  OK  runtime_log_level        CONFIG SET loglevel (current notice), slowlog-*, 
latency-monitor-threshold apply immediately
[redis] phase: bench
  OK  ping                     p50=    0.466 ms  p95=    0.818 ms  rows=-
  OK  get_by_key               p50=    0.500 ms  p95=    0.713 ms  rows=1
  OK  multi_get                p50=    3.617 ms  p95=    3.964 ms  rows=100
  OK  insert_one               p50=    0.972 ms  p95=    1.087 ms  rows=-
  OK  update_field             p50=    0.615 ms  p95=    0.722 ms  rows=-
  OK  upsert                   p50=    0.786 ms  p95=    0.936 ms  rows=-
  OK  delete_one               p50=    0.655 ms  p95=    0.857 ms  rows=-
  OK  atomic_increment         p50=    0.493 ms  p95=    0.686 ms  rows=1
  OK  conditional_update       p50=    1.294 ms  p95=    1.495 ms  rows=1
  OK  batch_insert_1000        p50=   50.050 ms  p95=   77.607 ms  rows=-
  OK  range_by_secondary       p50=    0.639 ms  p95=    0.861 ms  rows=7
  OK  range_by_time            p50=    2.783 ms  p95=    8.380 ms  rows=100
  OK  filter_nested            p50=   17.473 ms  p95=   18.058 ms  rows=1
  OK  array_contains           p50=   12.397 ms  p95=   12.984 ms  rows=1
  OK  top_n_sorted             p50=    0.923 ms  p95=    1.124 ms  rows=10
  OK  pagination_offset        p50=    1.277 ms  p95=    1.418 ms  rows=50
  OK  pagination_keyset        p50=    1.567 ms  p95=    1.745 ms  rows=50
  OK  count_filtered           p50=    0.249 ms  p95=    0.302 ms  rows=1
  OK  aggregate_group          p50= 2828.253 ms  p95= 4102.105 ms  rows=13
  OK  aggregate_time_bucket    p50=  959.944 ms  p95=  999.701 ms  rows=24
  OK  join_lookup              p50=    0.697 ms  p95=    0.906 ms  rows=7
  OK  graph_traversal          p50=    1.018 ms  p95=    1.286 ms  rows=2
  OK  text_search              p50=    1.857 ms  p95=    2.115 ms  rows=20
  OK  geo_near                 p50=    1.149 ms  p95=    1.550 ms  rows=20
  OK  vector_knn               p50=    1.008 ms  p95=    1.107 ms  rows=10
  OK  transaction_transfer     p50=    0.407 ms  p95=    0.498 ms  rows=-
  OK  ttl_set                  p50=    0.388 ms  p95=    0.420 ms  rows=-
  OK  scan_full                p50= 1143.842 ms  p95= 1224.919 ms  rows=1
[redis] phase: optimize
  opt01_secondary_index
    no_index                             p50=14172.056 ms rows=100
    index_(event_type,occurred_at)       p50=    3.868 ms rows=100
    index_(occurred_at,event_type)       p50=    3.188 ms rows=100
  opt02_projection
    full_document                        p50=    0.308 ms rows=1
    projection_3_fields                  p50=    0.298 ms rows=1
  opt03_pagination
    offset_depth_10000                   p50=    2.217 ms rows=50
    keyset_depth_10000                   p50=    2.415 ms rows=50
    offset_depth_100000                  p50=    2.328 ms rows=50
    keyset_depth_100000                  p50=    2.596 ms rows=50
  opt04_batching
    single_put_x2000                         1,499 docs/s 
    bulk_put_1000_x2                        20,882 docs/s 
  opt05_multi_get
    sequential_100_gets                  p50=   32.294 ms rows=100
    multi_get_100                        p50=    3.119 ms rows=100
  opt06_embedding_vs_reference
    embedded_items                       p50=    0.545 ms rows=1
    referenced_items                     p50=    1.152 ms rows=1
  opt07_write_durability
    ack_primary                          p50=    0.558 ms
    wait_1_replica                       p50=   23.915 ms
    waitaof_local_fsync                  p50= 1003.065 ms
    waitaof_local+1_replica              p50= 1003.682 ms
  opt08_read_consistency
    primary                              p50=    0.488 ms rows=1
    replica@replica                      p50=    0.520 ms rows=1
  opt09_connection_reuse
    connect_per_operation                p50=    4.698 ms rows=1
    persistent_client                    p50=    0.563 ms rows=1
[redis] phase: connections
  max_connections=10000
  connect latency via primary    p50=2.96 ms p95=3.61 ms errors=0
  connect latency via haproxy-ro p50=3.06 ms p95=3.87 ms errors=0
  storm via primary    n=  10 opened=  10 failed=  0 wall=    50.2 ms connect 
p95=19.1 ms codes={}
  storm via primary    n=  50 opened=  50 failed=  0 wall=   100.3 ms connect 
p95=81.6 ms codes={}
  storm via primary    n= 100 opened= 100 failed=  0 wall=   313.3 ms connect 
p95=294.3 ms codes={}
  storm via primary    n= 200 opened= 200 failed=  0 wall=   494.3 ms connect 
p95=481.7 ms codes={}
  storm via primary    n= 500 opened= 500 failed=  0 wall=  1118.3 ms connect 
p95=1025.1 ms codes={}
  storm via haproxy-ro n=  10 opened=  10 failed=  0 wall=    50.1 ms connect 
p95=17.9 ms codes={}
  storm via haproxy-ro n=  50 opened=  50 failed=  0 wall=   153.2 ms connect 
p95=107.8 ms codes={}
  storm via haproxy-ro n= 100 opened= 100 failed=  0 wall=   304.9 ms connect 
p95=249.7 ms codes={}
  storm via haproxy-ro n= 200 opened= 200 failed=  0 wall=   357.2 ms connect 
p95=329.7 ms codes={}
  storm via haproxy-ro n= 500 opened= 500 failed=  0 wall=   945.5 ms connect 
p95=822.8 ms codes={}
  workers=  1 via primary    ops/s=   1895 p50=0.531 ms p99=0.887 ms errors=0 
  workers=  4 via primary    ops/s=   8522 p50=0.458 ms p99=0.828 ms errors=0 
  workers= 16 via primary    ops/s=  51369 p50=0.298 ms p99=0.569 ms errors=0 
  workers= 32 via primary    ops/s=  58733 p50=0.516 ms p99=1.062 ms errors=0 
  workers= 64 via primary    ops/s=  67202 p50=0.906 ms p99=1.906 ms errors=0 
  workers=  1 via haproxy-ro ops/s=   1562 p50=0.641 ms p99=1.075 ms errors=0 
  workers=  4 via haproxy-ro ops/s=   6756 p50=0.608 ms p99=0.976 ms errors=0 
  workers= 16 via haproxy-ro ops/s=  36704 p50=0.414 ms p99=0.792 ms errors=0 
  workers= 32 via haproxy-ro ops/s=  43598 p50=0.693 ms p99=1.434 ms errors=0 
  workers= 64 via haproxy-ro ops/s=  50010 p50=1.200 ms p99=2.754 ms errors=0 
  pool 8 clients / 32 threads: ops/s=3359 checkout wait p50=0.005 ms p99=0.012 
ms
  write contention: {'threads': 4, 'iters_per_thread': 50, 'applied': 69, 
'rejected': 131, 'errors': 0, 'version_before': 2, 'version_after': 71, 
'version_delta': 69, 'atomic': True, 'seconds': 0.07, 'first_error': None, 
'interpretation': '
  rw split via haproxy-ro: {'proxy': 'haproxy-ro', 'connections': 40, 
'roles_seen': {'replica': 21, 'primary': 19}, 'writes_ok': 19, 
'writes_rejected': 21, 'writes_rejected_on': {'replica': 21}, 
'write_error_codes': {'READONLY': 21}, 'interpretation': 'TCP-level balancing: 
21/40 writes failed because the connection landed on a read-only replica'}
[redis] phase: loadtest
  primary      workers=  4 docs/s=   63,267 batch p50=   57.2 ms p95=   83.7 ms 
errors=0 | busiest: 
  primary      workers= 16 docs/s=   86,533 batch p50=  183.8 ms p95=  241.2 ms 
errors=0 | busiest: 
  primary      workers= 32 docs/s=   89,600 batch p50=  352.9 ms p95=  415.3 ms 
errors=0 | busiest: 
[redis] phase: backup
  fingerprint before backup: counts={'customers': 20000, 'categories': 200, 
'products': 5000, 'inventory': 20000} customers 1-50 present=50 probe=100
  backup [BGSAVE + copy dump.rdb] 7.26s  artifact 411,214,947 B (25.7% of data) 
online=True  point-read p50 during 0.69 ms vs baseline 0.73 ms, 0 read errors
  mutated: probe=600 customers 1-50 present=0
  restore [stop; RDB -> appendonlydir base + manifest; start; replicas 
full-resync] 84.29s  downtime 20089.8 ms  verified=True 
[redis] phase: logging
  redis-haproxy      driver=kubelet (container-log-max-size/-files via k3d.yaml)
rotation={'max-size': '50Mi', 'max-file': '3'} logged so far 899 B / 7 lines  
format=text
  redis-primary      driver=kubelet (container-log-max-size/-files via k3d.yaml)
rotation={'max-size': '50Mi', 'max-file': '3'} logged so far 16,062 B / 181 
lines  format=text
  redis-replica      driver=kubelet (container-log-max-size/-files via k3d.yaml)
rotation={'max-size': '50Mi', 'max-file': '3'} logged so far 28,621 B / 317 
lines  format=text
  redis-sentinel1    driver=kubelet (container-log-max-size/-files via k3d.yaml)
rotation={'max-size': '50Mi', 'max-file': '3'} logged so far 1,909 B / 22 lines 
format=text
  redis-sentinel2    driver=kubelet (container-log-max-size/-files via k3d.yaml)
rotation={'max-size': '50Mi', 'max-file': '3'} logged so far 2,021 B / 23 lines 
format=text
  redis-sentinel3    driver=kubelet (container-log-max-size/-files via k3d.yaml)
rotation={'max-size': '50Mi', 'max-file': '3'} logged so far 2,133 B / 24 lines 
format=text
  server log: text at stdout (docker logs) — `logfile` when set
  slow-query log: CONFIG SET slowlog-log-slower-than 100000 (µs) + SLOWLOG 
RESET; latency-monitor-threshold 100 ms
  slow op 'KEYS customers:* (scans the whole keyspace — the anti-patter' took 
232.2 ms -> logged=True (220.71 ms in log); fast op 0.5 ms -> logged=False; 
entries read back: 2
  audit log: ACL LOG RESET; ACL SETUSER nslab_auditor on >s3cret ~* +@read 
(read-only user to provoke denials) -> 2 entries read back (verified=True)
  runtime log level: ok CONFIG SET loglevel debug -> verified -> back to notice 
(no restart)
  log volume during this phase: redis-haproxy 0 B/0 lines, redis-primary 0 B/0 
lines, redis-replica 0 B/0 lines, redis-sentinel1 0 B/0 lines, redis-sentinel2 0
B/0 lines, redis-sentinel3 0 B/0 lines
[redis] phase: replication
  primary    role=primary {'role': 'master', 'connected_slaves': 1, 
'master_repl_offset': 9533, 'replicas': [{'ip': '10.42.0.30', 'port': 6379, 's
  replica    role=replica {'role': 'slave', 'master_host': 'primary', 
'master_link_status': 'up', 'master_last_io_seconds_ago': 0, 'slave_repl_off
  haproxy-ro role=replica {'role': 'slave', 'master_host': 'primary', 
'master_link_status': 'up', 'master_last_io_seconds_ago': 0, 'slave_repl_off
  visibility lag -> replica: p50=0.78 ms p95=1.74 ms max=3.93 ms timeouts=0
  write on replica: rejected READONLY
  lag under load: 20000 docs in 0.47s, catch-up after last write: {'replica': 
1.3}
  read scaling: primary only 57208 ops/s -> primary+replicas 58868 ops/s (x1.03)
errors=0
  killing primary container nslab-redis-primary ...
  downtime until first successful write via replica: 3895.6 ms (16 attempts)
saved 
/home/berkay-server/repos/boilers/raw-codes/databases/ns-databases/results/k3s/r
edis/20260914-144656-d45ae5.json
